// Jest Snapshot v1, https://goo.gl/fbAQLP

exports[`identity messages field-messages.component should match the latest render snapshot 1`] = `
<DocumentFragment>
  .emotion-0 {
  box-sizing: border-box;
  display: -webkit-box;
  display: -webkit-flex;
  display: -ms-flexbox;
  display: flex;
  height: 100%;
  -webkit-flex-direction: column;
  -ms-flex-direction: column;
  flex-direction: column;
}

<div
    class="emotion-0"
    display="flex"
    height="100%"
  />
</DocumentFragment>
`;
