// Jest Snapshot v1, https://goo.gl/fbAQLP

exports[`identity messages general-messages.component should match the latest render snapshot 1`] = `
<DocumentFragment>
  .emotion-0 {
  box-sizing: border-box;
  display: -webkit-box;
  display: -webkit-flex;
  display: -ms-flexbox;
  display: flex;
  height: 100%;
  -webkit-box-pack: center;
  -ms-flex-pack: center;
  -webkit-justify-content: center;
  justify-content: center;
  -webkit-align-items: center;
  -webkit-box-align: center;
  -ms-flex-align: center;
  align-items: center;
  -webkit-flex-direction: column;
  -ms-flex-direction: column;
  flex-direction: column;
}

.emotion-1 {
  box-sizing: border-box;
  display: -webkit-box;
  display: -webkit-flex;
  display: -ms-flexbox;
  display: flex;
  -webkit-flex-basis: 24px;
  -ms-flex-preferred-size: 24px;
  flex-basis: 24px;
}

<div
    class="emotion-0"
    display="flex"
    height="100%"
  >
    <div
      class="emotion-1"
      display="flex"
    />
  </div>
</DocumentFragment>
`;
