// Jest Snapshot v1, https://goo.gl/fbAQLP

exports[`identity messages messages.component should match the latest render snapshot 1`] = `
<DocumentFragment>
  <div />
</DocumentFragment>
`;
