// Jest Snapshot v1, https://goo.gl/fbAQLP

exports[`identity registration-password registration-password.component should match the latest render snapshot 1`] = `
<DocumentFragment>
  .emotion-0 {
  box-sizing: border-box;
  display: -webkit-box;
  display: -webkit-flex;
  display: -ms-flexbox;
  display: flex;
  height: 100%;
  -webkit-flex-direction: column;
  -ms-flex-direction: column;
  flex-direction: column;
  width: 100%;
  height: 100%;
}

.emotion-1 {
  box-sizing: border-box;
  height: 80px;
  display: -webkit-box;
  display: -webkit-flex;
  display: -ms-flexbox;
  display: flex;
  width: 100%;
  -webkit-flex-direction: row;
  -ms-flex-direction: row;
  flex-direction: row;
}

.emotion-3 {
  box-sizing: border-box;
  display: -webkit-box;
  display: -webkit-flex;
  display: -ms-flexbox;
  display: flex;
  -webkit-flex-basis: 12px;
  -ms-flex-preferred-size: 12px;
  flex-basis: 12px;
}

.emotion-9 {
  box-sizing: border-box;
  height: 56px;
  display: -webkit-box;
  display: -webkit-flex;
  display: -ms-flexbox;
  display: flex;
  width: 100%;
  -webkit-flex-direction: row;
  -ms-flex-direction: row;
  flex-direction: row;
}

.emotion-10 {
  box-sizing: border-box;
  box-shadow: none;
  outline: none;
  width: 100%;
  border: 1px solid transparent;
  border-radius: 0;
  display: -webkit-box;
  display: -webkit-flex;
  display: -ms-flexbox;
  display: flex;
  -webkit-flex-direction: row;
  -ms-flex-direction: row;
  flex-direction: row;
  -webkit-align-items: center;
  -webkit-box-align: center;
  -ms-flex-align: center;
  align-items: center;
  cursor: text;
  height: 40px;
  border-width: 1px;
  font-size: 12px;
  font-weight: 400;
  font-family: Khula;
  padding-left: 16px;
  padding-right: 16px;
  border-radius: 6px;
  background-color: white;
  border-color: #DADEED;
  color: black;
}

.emotion-11 {
  background: transparent;
  font-size: inherit;
  font-family: inherit;
  font-weight: inherit;
  color: inherit;
  width: 100%;
  outline: none;
  border: none;
  padding: 0;
  margin: 0;
}

.emotion-12 {
  box-sizing: border-box;
  width: 100%;
  display: -webkit-box;
  display: -webkit-flex;
  display: -ms-flexbox;
  display: flex;
}

@media screen and (min-width: 40em) {
  .emotion-12 {
    width: 100%;
  }
}

@media screen and (min-width: 52em) {
  .emotion-12 {
    width: 240px;
  }
}

.emotion-13 {
  box-sizing: border-box;
  display: -webkit-box;
  display: -webkit-flex;
  display: -ms-flexbox;
  display: flex;
  -webkit-align-items: center;
  -webkit-box-align: center;
  -ms-flex-align: center;
  align-items: center;
  -webkit-box-pack: center;
  -ms-flex-pack: center;
  -webkit-justify-content: center;
  justify-content: center;
  word-break: break-word;
  cursor: pointer;
  outline: none;
  padding: 0;
  border: 1px solid transparent;
  height: 48px;
  font-size: 14px;
  font-weight: 600;
  font-family: Khula;
  padding-left: 24px;
  padding-right: 24px;
  border-radius: 6px;
  background-color: black;
  border-color: black;
  color: white;
}

<div
    class="emotion-0"
    display="flex"
    height="100%"
  >
    <div
      class="emotion-1"
      display="flex"
      height="80"
      width="100%"
    >
      <div
        class="emotion-0"
        display="flex"
        height="100%"
      >
        <div
          class="emotion-3"
          display="flex"
        />
      </div>
    </div>
    <div
      class="emotion-1"
      display="flex"
      height="80"
      width="100%"
    >
      <div
        class="emotion-0"
        display="flex"
        height="100%"
      >
        <div
          class="emotion-3"
          display="flex"
        />
      </div>
    </div>
    <div
      class="emotion-1"
      display="flex"
      height="80"
      width="100%"
    >
      <div
        class="emotion-0"
        display="flex"
        height="100%"
      >
        <div
          class="emotion-9"
          display="flex"
          height="56"
          width="100%"
        >
          <div
            class="emotion-10"
            placeholder="Repeat your password"
            type="password"
          >
            <input
              class="emotion-11"
              placeholder="Repeat your password"
              type="password"
              value=""
            />
          </div>
        </div>
      </div>
    </div>
    <div
      class="emotion-12"
      display="flex"
      width="100%,100%,240"
    >
      <button
        class="emotion-13"
      >
        Create new account
      </button>
    </div>
  </div>
</DocumentFragment>
`;
