// Jest Snapshot v1, https://goo.gl/fbAQLP

exports[`identity recovery-link recovery-link.component should match the latest render snapshot 1`] = `
<DocumentFragment>
  .emotion-0 {
  box-sizing: border-box;
  display: -webkit-box;
  display: -webkit-flex;
  display: -ms-flexbox;
  display: flex;
  height: 100%;
  -webkit-flex-direction: column;
  -ms-flex-direction: column;
  flex-direction: column;
  width: 100%;
  height: 100%;
}

.emotion-1 {
  box-sizing: border-box;
  height: 80px;
  display: -webkit-box;
  display: -webkit-flex;
  display: -ms-flexbox;
  display: flex;
  width: 100%;
  -webkit-flex-direction: row;
  -ms-flex-direction: row;
  flex-direction: row;
}

.emotion-2 {
  box-sizing: border-box;
  display: -webkit-box;
  display: -webkit-flex;
  display: -ms-flexbox;
  display: flex;
  -webkit-flex-basis: 12px;
  -ms-flex-preferred-size: 12px;
  flex-basis: 12px;
}

.emotion-3 {
  box-sizing: border-box;
  width: 100%;
  display: -webkit-box;
  display: -webkit-flex;
  display: -ms-flexbox;
  display: flex;
}

@media screen and (min-width: 40em) {
  .emotion-3 {
    width: 100%;
  }
}

@media screen and (min-width: 52em) {
  .emotion-3 {
    width: 240px;
  }
}

.emotion-4 {
  box-sizing: border-box;
  display: -webkit-box;
  display: -webkit-flex;
  display: -ms-flexbox;
  display: flex;
  -webkit-align-items: center;
  -webkit-box-align: center;
  -ms-flex-align: center;
  align-items: center;
  -webkit-box-pack: center;
  -ms-flex-pack: center;
  -webkit-justify-content: center;
  justify-content: center;
  word-break: break-word;
  cursor: pointer;
  outline: none;
  padding: 0;
  border: 1px solid transparent;
  height: 48px;
  font-size: 14px;
  font-weight: 600;
  font-family: Khula;
  padding-left: 24px;
  padding-right: 24px;
  border-radius: 6px;
  background-color: black;
  border-color: black;
  color: white;
}

<div
    class="emotion-0"
    display="flex"
    height="100%"
  >
    <div
      class="emotion-1"
      display="flex"
      height="80"
      width="100%"
    >
      <div
        class="emotion-2"
        display="flex"
      />
    </div>
    <div
      class="emotion-3"
      display="flex"
      width="100%,100%,240"
    >
      <button
        class="emotion-4"
      >
        Send code
      </button>
    </div>
  </div>
</DocumentFragment>
`;
