// Jest Snapshot v1, https://goo.gl/fbAQLP

exports[`identity auth-layout auth-layout.component should match the latest render snapshot 1`] = `
<DocumentFragment>
  .emotion-0 {
  box-sizing: border-box;
  display: -webkit-box;
  display: -webkit-flex;
  display: -ms-flexbox;
  display: flex;
  background-color: rgb(251,250,255);
  width: 100%;
  height: 100%;
}

.emotion-1 {
  box-sizing: border-box;
  display: -webkit-box;
  display: -webkit-flex;
  display: -ms-flexbox;
  display: flex;
  -webkit-flex-basis: 0;
  -ms-flex-preferred-size: 0;
  flex-basis: 0;
}

@media screen and (min-width: 40em) {
  .emotion-1 {
    -webkit-flex-basis: 0;
    -ms-flex-preferred-size: 0;
    flex-basis: 0;
  }
}

@media screen and (min-width: 52em) {
  .emotion-1 {
    -webkit-flex-basis: 160px;
    -ms-flex-preferred-size: 160px;
    flex-basis: 160px;
  }
}

.emotion-2 {
  box-sizing: border-box;
  display: -webkit-box;
  display: -webkit-flex;
  display: -ms-flexbox;
  display: flex;
  height: 100%;
  -webkit-flex-direction: column;
  -ms-flex-direction: column;
  flex-direction: column;
}

.emotion-3 {
  box-sizing: border-box;
  display: -webkit-box;
  display: -webkit-flex;
  display: -ms-flexbox;
  display: flex;
  -webkit-flex-basis: 0;
  -ms-flex-preferred-size: 0;
  flex-basis: 0;
}

@media screen and (min-width: 40em) {
  .emotion-3 {
    -webkit-flex-basis: 0;
    -ms-flex-preferred-size: 0;
    flex-basis: 0;
  }
}

@media screen and (min-width: 52em) {
  .emotion-3 {
    -webkit-flex-basis: 64px;
    -ms-flex-preferred-size: 64px;
    flex-basis: 64px;
  }
}

.emotion-4 {
  box-sizing: border-box;
  width: 100%;
  height: 100%;
  display: -webkit-box;
  display: -webkit-flex;
  display: -ms-flexbox;
  display: flex;
  background-color: rgb(255,255,255);
  box-shadow: 0px 7px 16px rgba(136, 165, 191, 0.12);
  border-radius: 12px;
}

@media screen and (min-width: 40em) {
  .emotion-4 {
    width: 100%;
    height: 100%;
  }
}

@media screen and (min-width: 52em) {
  .emotion-4 {
    width: 672px;
    height: auto;
  }
}

.emotion-5 {
  box-sizing: border-box;
  display: -webkit-box;
  display: -webkit-flex;
  display: -ms-flexbox;
  display: flex;
  -webkit-flex-basis: 16px;
  -ms-flex-preferred-size: 16px;
  flex-basis: 16px;
}

@media screen and (min-width: 40em) {
  .emotion-5 {
    -webkit-flex-basis: 16px;
    -ms-flex-preferred-size: 16px;
    flex-basis: 16px;
  }
}

@media screen and (min-width: 52em) {
  .emotion-5 {
    -webkit-flex-basis: 40px;
    -ms-flex-preferred-size: 40px;
    flex-basis: 40px;
  }
}

.emotion-6 {
  box-sizing: border-box;
  width: 343px;
  display: -webkit-box;
  display: -webkit-flex;
  display: -ms-flexbox;
  display: flex;
}

@media screen and (min-width: 40em) {
  .emotion-6 {
    width: 343px;
  }
}

@media screen and (min-width: 52em) {
  .emotion-6 {
    width: 504px;
  }
}

.emotion-7 {
  box-sizing: border-box;
  display: -webkit-box;
  display: -webkit-flex;
  display: -ms-flexbox;
  display: flex;
  height: 100%;
  -webkit-flex-direction: column;
  -ms-flex-direction: column;
  flex-direction: column;
  width: 100%;
  height: 100%;
}

.emotion-8 {
  box-sizing: border-box;
  display: -webkit-box;
  display: -webkit-flex;
  display: -ms-flexbox;
  display: flex;
  -webkit-flex-basis: 48px;
  -ms-flex-preferred-size: 48px;
  flex-basis: 48px;
}

@media screen and (min-width: 40em) {
  .emotion-8 {
    -webkit-flex-basis: 48px;
    -ms-flex-preferred-size: 48px;
    flex-basis: 48px;
  }
}

@media screen and (min-width: 52em) {
  .emotion-8 {
    -webkit-flex-basis: 40px;
    -ms-flex-preferred-size: 40px;
    flex-basis: 40px;
  }
}

.emotion-9 {
  box-sizing: border-box;
  display: -webkit-box;
  display: -webkit-flex;
  display: -ms-flexbox;
  display: flex;
}

.emotion-10 {
  color: rgb(54,52,61);
  font-size: 28px;
  font-weight: 700;
  font-family: Khula;
  line-height: 1;
  display: -webkit-inline-box;
  display: -webkit-inline-flex;
  display: -ms-inline-flexbox;
  display: inline-flex;
}

@media screen and (min-width: 40em) {
  .emotion-10 {
    font-size: 28px;
  }
}

@media screen and (min-width: 52em) {
  .emotion-10 {
    font-size: 36px;
  }
}

.emotion-11 {
  box-sizing: border-box;
  display: -webkit-box;
  display: -webkit-flex;
  display: -ms-flexbox;
  display: flex;
  -webkit-flex-basis: 16px;
  -ms-flex-preferred-size: 16px;
  flex-basis: 16px;
}

@media screen and (min-width: 40em) {
  .emotion-11 {
    -webkit-flex-basis: 16px;
    -ms-flex-preferred-size: 16px;
    flex-basis: 16px;
  }
}

@media screen and (min-width: 52em) {
  .emotion-11 {
    -webkit-flex-basis: 12px;
    -ms-flex-preferred-size: 12px;
    flex-basis: 12px;
  }
}

.emotion-13 {
  color: rgb(155,164,167);
  font-size: 16px;
  font-family: Khula;
  font-weight: 400;
  line-height: 1;
  display: -webkit-inline-box;
  display: -webkit-inline-flex;
  display: -ms-inline-flexbox;
  display: inline-flex;
}

.emotion-14 {
  box-sizing: border-box;
  display: -webkit-box;
  display: -webkit-flex;
  display: -ms-flexbox;
  display: flex;
  -webkit-flex-basis: 48px;
  -ms-flex-preferred-size: 48px;
  flex-basis: 48px;
}

@media screen and (min-width: 40em) {
  .emotion-14 {
    -webkit-flex-basis: 48px;
    -ms-flex-preferred-size: 48px;
    flex-basis: 48px;
  }
}

@media screen and (min-width: 52em) {
  .emotion-14 {
    -webkit-flex-basis: 32px;
    -ms-flex-preferred-size: 32px;
    flex-basis: 32px;
  }
}

.emotion-15 {
  box-sizing: border-box;
  display: -webkit-box;
  display: -webkit-flex;
  display: -ms-flexbox;
  display: flex;
  width: 100%;
  height: 100%;
}

.emotion-16 {
  box-sizing: border-box;
  display: -webkit-box;
  display: -webkit-flex;
  display: -ms-flexbox;
  display: flex;
  -webkit-flex-basis: 16px;
  -ms-flex-preferred-size: 16px;
  flex-basis: 16px;
}

@media screen and (min-width: 40em) {
  .emotion-16 {
    -webkit-flex-basis: 16px;
    -ms-flex-preferred-size: 16px;
    flex-basis: 16px;
  }
}

@media screen and (min-width: 52em) {
  .emotion-16 {
    -webkit-flex-basis: 128px;
    -ms-flex-preferred-size: 128px;
    flex-basis: 128px;
  }
}

.emotion-17 {
  box-sizing: border-box;
  display: -webkit-box;
  display: -webkit-flex;
  display: -ms-flexbox;
  display: flex;
  -webkit-flex-basis: 0;
  -ms-flex-preferred-size: 0;
  flex-basis: 0;
}

@media screen and (min-width: 40em) {
  .emotion-17 {
    -webkit-flex-basis: 0;
    -ms-flex-preferred-size: 0;
    flex-basis: 0;
  }
}

@media screen and (min-width: 52em) {
  .emotion-17 {
    -webkit-flex-basis: 128px;
    -ms-flex-preferred-size: 128px;
    flex-basis: 128px;
  }
}

<div
    class="emotion-0"
    display="flex"
  >
    <div
      class="emotion-1"
      display="flex"
    />
    <div
      class="emotion-2"
      display="flex"
      height="100%"
    >
      <div
        class="emotion-3"
        display="flex"
      />
      <div
        class="emotion-4"
        display="flex"
        height="100%,100%,auto"
        width="100%,100%,672"
      >
        <div
          class="emotion-5"
          display="flex"
        />
        <div
          class="emotion-6"
          display="flex"
          width="343,343,504"
        >
          <div
            class="emotion-7"
            display="flex"
            height="100%"
          >
            <div
              class="emotion-8"
              display="flex"
            />
            <div
              class="emotion-9"
              display="flex"
            >
              <span
                class="emotion-10"
                color="text.primary"
                display="inline-flex"
                font-family="primary"
                font-size="semiBig,semiBig,big"
                font-weight="bold"
              >
                title
              </span>
            </div>
            <div
              class="emotion-11"
              display="flex"
            />
            <div
              class="emotion-9"
              display="flex"
            >
              <span
                class="emotion-13"
                color="text.gray"
                display="inline-flex"
                font-family="primary"
                font-size="default"
                font-weight="normal"
              />
            </div>
            <div
              class="emotion-14"
              display="flex"
            />
            <div
              class="emotion-15"
              display="flex"
            />
          </div>
        </div>
        <div
          class="emotion-16"
          display="flex"
        />
      </div>
      <div
        class="emotion-17"
        display="flex"
      />
    </div>
  </div>
</DocumentFragment>
`;
