// Jest Snapshot v1, https://goo.gl/fbAQLP

exports[`identity login-password login-password.component should match the latest render snapshot 1`] = `
<DocumentFragment>
  .emotion-0 {
  box-sizing: border-box;
  display: -webkit-box;
  display: -webkit-flex;
  display: -ms-flexbox;
  display: flex;
  height: 100%;
  -webkit-flex-direction: column;
  -ms-flex-direction: column;
  flex-direction: column;
  width: 100%;
  height: 100%;
}

.emotion-1 {
  box-sizing: border-box;
  height: 80px;
  display: -webkit-box;
  display: -webkit-flex;
  display: -ms-flexbox;
  display: flex;
  width: 100%;
  -webkit-flex-direction: row;
  -ms-flex-direction: row;
  flex-direction: row;
}

.emotion-3 {
  box-sizing: border-box;
  display: -webkit-box;
  display: -webkit-flex;
  display: -ms-flexbox;
  display: flex;
  -webkit-flex-basis: 12px;
  -ms-flex-preferred-size: 12px;
  flex-basis: 12px;
}

.emotion-7 {
  box-sizing: border-box;
  display: -webkit-box;
  display: -webkit-flex;
  display: -ms-flexbox;
  display: flex;
}

.emotion-8 {
  -webkit-text-decoration: none;
  text-decoration: none;
  cursor: pointer;
  color: rgb(54,52,61);
  font-size: 14px;
  font-family: Khula;
  white-space: nowrap;
  -webkit-transition: 0.3px;
  transition: 0.3px;
}

.emotion-8:hover {
  color: rgb(116,97,240);
}

.emotion-9 {
  box-sizing: border-box;
  display: -webkit-box;
  display: -webkit-flex;
  display: -ms-flexbox;
  display: flex;
  -webkit-flex-basis: 16px;
  -ms-flex-preferred-size: 16px;
  flex-basis: 16px;
}

.emotion-10 {
  box-sizing: border-box;
  display: -webkit-box;
  display: -webkit-flex;
  display: -ms-flexbox;
  display: flex;
  width: 100%;
  -webkit-flex-direction: row;
  -ms-flex-direction: row;
  flex-direction: row;
}

.emotion-11 {
  box-sizing: border-box;
  width: 100%;
  display: -webkit-box;
  display: -webkit-flex;
  display: -ms-flexbox;
  display: flex;
}

@media screen and (min-width: 40em) {
  .emotion-11 {
    width: 100%;
  }
}

@media screen and (min-width: 52em) {
  .emotion-11 {
    width: 240px;
  }
}

.emotion-12 {
  box-sizing: border-box;
  display: -webkit-box;
  display: -webkit-flex;
  display: -ms-flexbox;
  display: flex;
  -webkit-align-items: center;
  -webkit-box-align: center;
  -ms-flex-align: center;
  align-items: center;
  -webkit-box-pack: center;
  -ms-flex-pack: center;
  -webkit-justify-content: center;
  justify-content: center;
  word-break: break-word;
  cursor: pointer;
  outline: none;
  padding: 0;
  border: 1px solid transparent;
  height: 48px;
  font-size: 14px;
  font-weight: 600;
  font-family: Khula;
  padding-left: 24px;
  padding-right: 24px;
  border-radius: 6px;
  background-color: black;
  border-color: black;
  color: white;
}

.emotion-16 {
  box-sizing: border-box;
  display: -webkit-box;
  display: -webkit-flex;
  display: -ms-flexbox;
  display: flex;
  -webkit-align-items: center;
  -webkit-box-align: center;
  -ms-flex-align: center;
  align-items: center;
  -webkit-box-pack: center;
  -ms-flex-pack: center;
  -webkit-justify-content: center;
  justify-content: center;
  word-break: break-word;
  cursor: pointer;
  outline: none;
  padding: 0;
  border: 1px solid transparent;
  height: 48px;
  font-size: 14px;
  font-weight: 600;
  font-family: Khula;
  padding-left: 24px;
  padding-right: 24px;
  border-radius: 6px;
}

<div
    class="emotion-0"
    display="flex"
    height="100%"
  >
    <div
      class="emotion-1"
      display="flex"
      height="80"
      width="100%"
    >
      <div
        class="emotion-0"
        display="flex"
        height="100%"
      >
        <div
          class="emotion-3"
          display="flex"
        />
      </div>
    </div>
    <div
      class="emotion-1"
      display="flex"
      height="80"
      width="100%"
    >
      <div
        class="emotion-0"
        display="flex"
        height="100%"
      >
        <div
          class="emotion-3"
          display="flex"
        />
      </div>
    </div>
    <div
      class="emotion-7"
      display="flex"
    >
      <a
        class="emotion-8"
      >
        Forgot password?
      </a>
    </div>
    <div
      class="emotion-9"
      display="flex"
    />
    <div
      class="emotion-10"
      display="flex"
      width="100%"
    >
      <div
        class="emotion-11"
        display="flex"
        width="100%,100%,240"
      >
        <button
          class="emotion-12"
          style="width: 240px;"
          type="submit"
        >
          Login
        </button>
      </div>
      <div
        class="emotion-3"
        display="flex"
      />
      <div
        class="emotion-11"
        display="flex"
        width="100%,100%,240"
      >
        <a
          class="emotion-8"
        >
          <button
            class="emotion-16"
            style="width: 240px;"
          >
            Create account
          </button>
        </a>
      </div>
    </div>
  </div>
</DocumentFragment>
`;
